// Jest Snapshot v1, https://goo.gl/fbAQLP

exports[`[anonymous] 1`] = `
Object {
  "__clone": [Function],
  "comments": Array [],
  "end": 17,
  "loc": SourceLocation {
    "end": Position {
      "column": 17,
      "line": 1,
    },
    "start": Position {
      "column": 0,
      "line": 1,
    },
  },
  "program": Node {
    "body": Array [
      Node {
        "declaration": Node {
          "end": 17,
          "extra": Object {
            "raw": "42",
            "rawValue": 42,
          },
          "loc": SourceLocation {
            "end": Position {
              "column": 17,
              "line": 1,
            },
            "start": Position {
              "column": 15,
              "line": 1,
            },
          },
          "start": 15,
          "type": "NumericLiteral",
          "value": 42,
        },
        "end": 17,
        "loc": SourceLocation {
          "end": Position {
            "column": 17,
            "line": 1,
          },
          "start": Position {
            "column": 0,
            "line": 1,
          },
        },
        "start": 0,
        "type": "ExportDefaultDeclaration",
      },
    ],
    "directives": Array [],
    "end": 17,
    "loc": SourceLocation {
      "end": Position {
        "column": 17,
        "line": 1,
      },
      "start": Position {
        "column": 0,
        "line": 1,
      },
    },
    "sourceType": "module",
    "start": 0,
    "type": "Program",
  },
  "start": 0,
  "type": "File",
}
`;
